"Raw data location","Spectrum ID","Spectrum Title","Retention Time (s)","Rank","Calc m/z","Exp m/z","Charge","Protein ID","Sequence Start","Sequence Stop","Sequence Pre AA","Sequence Post AA","uCalc m/z","Accuracy (ppm)","Mass Difference","Complies search criteria","Conflicting uparam","Sequence","Modifications","X\!Tandem:expect","X\!Tandem:hyperscore","Is decoy","Error (exp-calc)","ModA:Score","ModA:probability"
"/Users/sschulze/ursgal_dev/ursgal/example_data/BSA_simple_example_search/StS_FASP-RR01_05052017.mgf",169,"StS_FASP-RR01_05052017.169.169.2",356.02341,1,378.71542646677,378.71529596677,2,"tr|D4GR24|D4GR24_HALVD Uncharacterized protein OS=Haloferax volcanii (strain ATCC 29605 / DSM 3757 / JCM 8879 / NBRC 14742 / NCIMB 2012 / VKM B-1768 / DS2) GN=HVO_A0350 PE=4 SV=2",58,63,"R","K",378.21156946017,-1.59999988636772,,"true",,"THITQR","Phospho:1",1.2,13.7,"false",,,
"/Users/sschulze/ursgal_dev/ursgal/example_data/BSA_simple_example_search/StS_FASP-RR01_05052017.mgf",169,"StS_FASP-RR01_05052017.169.169.2",356.02341,1,378.71542646677,378.71529596677,2,"tr|D4GR24|D4GR24_HALVD Uncharacterized protein OS=Haloferax volcanii (strain ATCC 29605 / DSM 3757 / JCM 8879 / NBRC 14742 / NCIMB 2012 / VKM B-1768 / DS2) GN=HVO_A0350 PE=4 SV=2",58,63,"R","K",378.21156946017,-1.59999988636772,,"true",,"THITQR","Phospho:4",1.2,13.7,"false",,,
"/Users/sschulze/ursgal_dev/ursgal/example_data/BSA_simple_example_search/StS_FASP-RR01_05052017.mgf",169,"StS_FASP-RR01_05052017.169.169.2",356.02341,1,378.71542646677,378.71529596677,2,"tr|D4GR24|D4GR24_HALVD Uncharacterized protein OS=Haloferax volcanii (strain ATCC 29605 / DSM 3757 / JCM 8879 / NBRC 14742 / NCIMB 2012 / VKM B-1768 / DS2) GN=HVO_A0350 PE=4 SV=2",58,63,"R","K",378.21156946017,-1.59999988636772,,"true",,"THITQR",,1.2,13.7,"false",,,
"/Users/sschulze/ursgal_dev/ursgal/example_data/BSA_simple_example_search/StS_FASP-RR01_05052017.mgf",14772,"StS_FASP-RR01_05052017.14772.14772.3",2537.47842,1,"639.981943133437;1915.9163","639.983085800103;1915.9202",3,"tr|D4GY17|D4GY17_HALVD 2-oxo-3-methylvalerate dehydrogenase E1 component beta subunit OS=Haloferax volcanii (strain ATCC 29605 / DSM 3757 / JCM 8879 / NBRC 14742 / NCIMB 2012 / VKM B-1768 / DS2) GN=oadhB1 PE=4 SV=1",184,201,"R","R",639.646055286037,"1.2639090630371;1993708.21520014",,"true",,"GEVPEDDYTVPIGEAAVR",,0.0004,25.3,"false",0.0039,26,0.0009
"/Users/sschulze/ursgal_dev/ursgal/example_data/BSA_simple_example_search/StS_FASP-RR01_05052017.mgf",14772,"StS_FASP-RR01_05052017.14772.14772.3",2537.47842,1,639.981943133437,639.983085800103,3,"tr|D4GY17|D4GY17_HALVD 2-oxo-3-methylvalerate dehydrogenase E1 component beta subunit OS=Haloferax volcanii (strain ATCC 29605 / DSM 3757 / JCM 8879 / NBRC 14742 / NCIMB 2012 / VKM B-1768 / DS2) GN=oadhB1 PE=4 SV=1",184,201,"R","R",639.646055286037,1.2639090630371,,"true",,"PEPTIDE",,0.0004,25.3,"false",0.0039,26,0.0009
